// Jest Snapshot v1, https://goo.gl/fbAQLP

exports[`<LoadingWrapper /> Should render and match the snapshot 1`] = `
<div
  class="ant-skeleton"
>
  <div
    class="ant-skeleton-content"
  >
    <h3
      class="ant-skeleton-title"
      style="width: 38%;"
    />
    <ul
      class="ant-skeleton-paragraph"
    >
      <li />
      <li />
      <li
        style="width: 61%;"
      />
    </ul>
  </div>
</div>
`;
